[09:58:03] [main/INFO] (FabricLoader/GameProvider) Loading Minecraft 1.21.11 with Fabric Loader 0.18.4
[09:58:03] [main/INFO] (FabricLoader) Loading 68 mods:
	- attributescreen 1.0.0
	- bettercombat 3.0.0
	   \-- tiny_config 3.1.0
	- cloth-basic-math 0.6.1
	- cloth-config 21.11.153
	- dynamictooltips 0.7.1
	   \-- mixinsquared 0.3.3
	- fabric-api 0.141.3+1.21.11
	- fabric-api-base 1.0.5+4ebb5c083e
	- fabric-api-lookup-api-v1 1.6.114+20dc27073e
	- fabric-biome-api-v1 17.1.1+4fc5413f3e
	- fabric-block-api-v1 1.1.10+4ebb5c083e
	- fabric-block-view-api-v2 1.0.39+4ebb5c083e
	- fabric-client-gametest-api-v1 4.3.5+bfe9fcf43e
	- fabric-command-api-v2 2.4.7+6b42a6003e
	- fabric-content-registries-v0 10.2.14+4fc5413f3e
	- fabric-convention-tags-v1 2.1.55+7f945d5b3e
	- fabric-convention-tags-v2 2.17.3+8ef948ba3e
	- fabric-crash-report-info-v1 0.3.23+4ebb5c083e
	- fabric-data-attachment-api-v1 1.8.47+eed0806f3e
	- fabric-data-generation-api-v1 23.4.0+69974c4e3e
	- fabric-dimensions-v1 4.0.28+4fc5413f3e
	- fabric-entity-events-v1 3.1.1+1d0ab4303e
	- fabric-events-interaction-v0 4.1.0+3b89ecf63e
	- fabric-game-rule-api-v1 2.0.3+4fc5413f3e
	- fabric-gametest-api-v1 3.1.27+4fc5413f3e
	- fabric-item-api-v1 11.5.20+d0c46b9e3e
	- fabric-item-group-api-v1 4.2.36+4fc5413f3e
	- fabric-key-binding-api-v1 1.1.7+4fc5413f3e
	- fabric-lifecycle-events-v1 2.6.15+4ebb5c083e
	- fabric-loot-api-v2 3.0.73+3f89f5a53e
	- fabric-loot-api-v3 2.0.20+78c8b4663e
	- fabric-message-api-v1 6.1.12+4ebb5c083e
	- fabric-model-loading-api-v1 6.0.15+4fc5413f3e
	- fabric-networking-api-v1 5.1.5+ae1e07683e
	- fabric-object-builder-api-v1 21.1.39+4fc5413f3e
	- fabric-particles-v1 4.2.11+4fc5413f3e
	- fabric-recipe-api-v1 8.2.3+4ebb5c083e
	- fabric-registry-sync-v0 6.2.5+1718722b3e
	- fabric-renderer-api-v1 8.0.3+f4ffd2e53e
	- fabric-renderer-indigo 5.0.3+f4ffd2e53e
	- fabric-rendering-fluids-v1 3.1.43+4ebb5c083e
	- fabric-rendering-v1 16.2.10+0290ad933e
	- fabric-resource-conditions-api-v1 5.0.35+4fc5413f3e
	- fabric-resource-loader-v0 3.3.4+4fc5413f3e
	- fabric-resource-loader-v1 1.0.10+78c8b4663e
	- fabric-screen-api-v1 3.1.7+4ebb5c083e
	- fabric-screen-handler-api-v1 1.3.161+4fc5413f3e
	- fabric-serialization-api-v1 1.0.5+4ebb5c083e
	- fabric-sound-api-v1 1.0.51+4fc5413f3e
	- fabric-tag-api-v1 1.2.20+4fc5413f3e
	- fabric-transfer-api-v1 6.0.25+4fc5413f3e
	- fabric-transitive-access-wideners-v1 7.1.0+014c8cec3e
	- fabricloader 0.18.4
	- forgeconfigapiport 21.11.1
	   |-- com_electronwill_night-config_core 3.8.3
	   \-- com_electronwill_night-config_toml 3.8.3
	- healthbars 21.11.0
	- icon-leading-tooltip 1.0.4
	- java 21
	- minecraft 1.21.11
	- mixinextras 0.5.0
	- modmenu 17.0.0-beta.2
	- player_animation_library 1.1.6+mc.1.21.11
	   |-- com_zigythebird_mochafloats 4.1.5
	   \-- org_javassist_javassist 3.30.2-GA
	- puzzleslib 21.11.11
	- tiered 1.7
[09:58:07] [pool-2-thread-8/WARN] (FabricLoader/ModRemap) Cannot remap tick because it does not exists in any of the targets [net/minecraft/class_11890]
[09:58:07] [pool-2-thread-8/WARN] (FabricLoader/ModRemap) Cannot remap method_5773 because it does not exists in any of the targets [net/minecraft/class_11890]
[09:58:09] [main/INFO] (FabricLoader/Mixin) SpongePowered MIXIN Subsystem Version=0.8.7 Source=file:/C:/Users/rafae/.gradle/caches/modules-2/files-2.1/net.fabricmc/sponge-mixin/0.17.0+mixin.0.8.7/cf31463202f72d03b0ef1e1e38e8ee71b7faaab6/sponge-mixin-0.17.0+mixin.0.8.7.jar Service=Knot/Fabric Env=CLIENT
[09:58:09] [main/INFO] (FabricLoader/Mixin) Loaded Fabric development mappings for mixin remapper!
[09:58:09] [main/INFO] (FabricLoader/Mixin) Compatibility level set to JAVA_21
[09:58:10] [main/WARN] (FabricLoader/Mixin) Reference map 'tiny_config-common-common-refmap.json' for tiny_config.mixins.json could not be read. If this is a development environment you can ignore this message
[09:58:11] [main/INFO] (FabricLoader/MixinExtras|Service) Initializing MixinExtras via com.llamalad7.mixinextras.service.MixinExtrasServiceImpl(version=0.5.0).
[09:58:12] [Datafixer Bootstrap/INFO] (Minecraft) 287 Datafixer optimizations took 566 milliseconds
[09:58:19] [Render thread/INFO] (Minecraft) Environment: Environment[sessionHost=https://sessionserver.mojang.com, servicesHost=https://api.minecraftservices.com, profilesHost=https://api.mojang.com, name=PROD]
[09:58:19] [Render thread/INFO] (Minecraft) Setting user: Player990
[09:58:19] [Render thread/INFO] (Puzzles Lib) Constructing components for puzzleslib:common
[09:58:19] [Render thread/INFO] (Puzzles Lib) Constructing components for healthbars:common
[09:58:19] [Render thread/INFO] (Puzzles Lib) Dispatching loading event for config healthbars-client.toml
[09:58:19] [Render thread/INFO] (icon-leading-tooltip) Hello Fabric world!
[09:58:19] [Download-2/ERROR] (Minecraft) Failed to fetch user properties
com.mojang.authlib.exceptions.InvalidCredentialsException: Status: 401
	at knot//com.mojang.authlib.exceptions.MinecraftClientHttpException.toAuthenticationException(MinecraftClientHttpException.java:59)
	at knot//com.mojang.authlib.yggdrasil.YggdrasilUserApiService.fetchProperties(YggdrasilUserApiService.java:150)
	at knot//net.minecraft.client.MinecraftClient.method_55608(MinecraftClient.java:457)
	at java.base/java.util.concurrent.CompletableFuture$AsyncSupply.run(CompletableFuture.java:1768)
	at java.base/java.util.concurrent.ThreadPoolExecutor.runWorker(ThreadPoolExecutor.java:1144)
	at java.base/java.util.concurrent.ThreadPoolExecutor$Worker.run(ThreadPoolExecutor.java:642)
	at java.base/java.lang.Thread.run(Thread.java:1583)
Caused by: com.mojang.authlib.exceptions.MinecraftClientHttpException: Status: 401
	at knot//com.mojang.authlib.minecraft.client.MinecraftClient.readInputStream(MinecraftClient.java:103)
	at knot//com.mojang.authlib.minecraft.client.MinecraftClient.get(MinecraftClient.java:56)
	at knot//com.mojang.authlib.yggdrasil.YggdrasilUserApiService.fetchProperties(YggdrasilUserApiService.java:121)
	... 5 more
[09:58:20] [Render thread/INFO] (Indigo) [Indigo] Registering Indigo renderer!
[09:58:20] [Render thread/INFO] (Puzzles Lib) Constructing components for puzzleslib:client
[09:58:20] [Render thread/INFO] (Puzzles Lib) Constructing components for healthbars:client
[09:58:20] [Render thread/INFO] (Mod Menu/Update Checker) Checking mod updates...
[09:58:20] [ModMenu/Update Checker/Fabric Loader/INFO] (Mod Menu/Update Checker) Update available for 'fabricloader@0.18.4'
[09:58:20] [Worker-Main-1/INFO] (Mod Menu/Update Checker) Update available for 'player_animation_library@1.1.6+mc.1.21.11', (-> 1.1.7)
[09:58:20] [Worker-Main-1/INFO] (Mod Menu/Update Checker) Update available for 'bettercombat@3.0.0', (-> 3.0.1+1.21.11-fabric)
[09:58:20] [Worker-Main-1/INFO] (Mod Menu/Update Checker) Update available for 'puzzleslib@21.11.11', (-> 21.11.13)
[09:58:20] [Render thread/INFO] (Minecraft) Backend library: LWJGL version 3.3.3-snapshot
[09:58:21] [Render thread/INFO] (Minecraft) Using optional rendering extensions: GL_ARB_buffer_storage, GL_KHR_debug, GL_ARB_vertex_attrib_binding, GL_ARB_direct_state_access, GL_EXT_texture_filter_anisotropic
[09:58:22] [Render thread/INFO] (Minecraft) Reloading ResourceManager: vanilla, attributescreen, bettercombat, cloth-config, dynamictooltips, fabric-api, fabric-api-base, fabric-api-lookup-api-v1, fabric-biome-api-v1, fabric-block-api-v1, fabric-block-view-api-v2, fabric-client-gametest-api-v1, fabric-command-api-v2, fabric-content-registries-v0, fabric-convention-tags-v1, fabric-convention-tags-v2, fabric-crash-report-info-v1, fabric-data-attachment-api-v1, fabric-data-generation-api-v1, fabric-dimensions-v1, fabric-entity-events-v1, fabric-events-interaction-v0, fabric-game-rule-api-v1, fabric-gametest-api-v1, fabric-item-api-v1, fabric-item-group-api-v1, fabric-key-binding-api-v1, fabric-lifecycle-events-v1, fabric-loot-api-v2, fabric-loot-api-v3, fabric-message-api-v1, fabric-model-loading-api-v1, fabric-networking-api-v1, fabric-object-builder-api-v1, fabric-particles-v1, fabric-recipe-api-v1, fabric-registry-sync-v0, fabric-renderer-api-v1, fabric-renderer-indigo, fabric-rendering-fluids-v1, fabric-rendering-v1, fabric-resource-conditions-api-v1, fabric-resource-loader-v0, fabric-resource-loader-v1, fabric-screen-api-v1, fabric-screen-handler-api-v1, fabric-serialization-api-v1, fabric-sound-api-v1, fabric-tag-api-v1, fabric-transfer-api-v1, fabric-transitive-access-wideners-v1, fabricloader, forgeconfigapiport, healthbars, icon-leading-tooltip, modmenu, tiered, file/icones attributes
[09:58:22] [Download-3/INFO] (Minecraft) Could not authorize you against Realms server: java.lang.RuntimeException: Failed to parse into SignedJWT: FabricMC
[09:58:22] [Download-3/ERROR] (Minecraft) Failed to fetch Realms feature flags
net.minecraft.client.realms.exception.RealmsServiceException: Realms authentication error with message 'java.lang.RuntimeException: Failed to parse into SignedJWT: FabricMC'
	at knot//net.minecraft.client.realms.RealmsClient.execute(RealmsClient.java:526)
	at knot//net.minecraft.client.realms.RealmsClient.fetchFeatureFlags(RealmsClient.java:186)
	at java.base/java.util.concurrent.CompletableFuture$AsyncSupply.run(CompletableFuture.java:1768)
	at java.base/java.util.concurrent.ThreadPoolExecutor.runWorker(ThreadPoolExecutor.java:1144)
	at java.base/java.util.concurrent.ThreadPoolExecutor$Worker.run(ThreadPoolExecutor.java:642)
	at java.base/java.lang.Thread.run(Thread.java:1583)
[09:58:22] [Worker-Main-9/ERROR] (ModNioPackResources) Invalid path in mod resource-pack tiered: tiered:textures/block/reforge_block (2).png, ignoring
[09:58:22] [Worker-Main-7/INFO] (Minecraft) Found unifont_pua-17.0.01.hex, loading
[09:58:22] [Worker-Main-10/INFO] (Minecraft) Found unifont_all_no_pua-17.0.01.hex, loading
[09:58:22] [Worker-Main-7/INFO] (Minecraft) Found unifont_jp_patch-17.0.01.hex, loading
[09:58:23] [Render thread/INFO] (Minecraft) OpenAL initialized on device OpenAL Soft on LG ULTRAWIDE (NVIDIA High Definition Audio)
[09:58:23] [Render thread/INFO] (Minecraft) Sound engine started
[09:58:23] [Render thread/INFO] (Minecraft) Created: 2048x1024x0 minecraft:textures/atlas/particles.png-atlas
[09:58:23] [Render thread/INFO] (Minecraft) Created: 128x128x0 minecraft:textures/atlas/decorated_pot.png-atlas
[09:58:23] [Render thread/INFO] (Minecraft) Created: 2048x1024x0 minecraft:textures/atlas/armor_trims.png-atlas
[09:58:23] [Render thread/INFO] (Minecraft) Created: 512x256x0 minecraft:textures/atlas/paintings.png-atlas
[09:58:23] [Render thread/INFO] (Minecraft) Created: 1024x512x0 minecraft:textures/atlas/shield_patterns.png-atlas
[09:58:23] [Render thread/INFO] (Minecraft) Created: 2048x2048x4 minecraft:textures/atlas/blocks.png-atlas
[09:58:23] [Render thread/INFO] (Minecraft) Created: 512x512x0 minecraft:textures/atlas/chest.png-atlas
[09:58:23] [Render thread/INFO] (Minecraft) Created: 256x128x0 minecraft:textures/atlas/celestials.png-atlas
[09:58:23] [Render thread/INFO] (Minecraft) Created: 1024x512x0 minecraft:textures/atlas/banner_patterns.png-atlas
[09:58:23] [Render thread/INFO] (Minecraft) Created: 512x512x0 minecraft:textures/atlas/beds.png-atlas
[09:58:23] [Render thread/INFO] (Minecraft) Created: 1024x512x0 minecraft:textures/atlas/items.png-atlas
[09:58:23] [Render thread/INFO] (Minecraft) Created: 1024x1024x0 minecraft:textures/atlas/gui.png-atlas
[09:58:23] [Render thread/INFO] (Minecraft) Created: 128x64x0 minecraft:textures/atlas/map_decorations.png-atlas
[09:58:23] [Render thread/INFO] (Minecraft) Created: 512x256x0 minecraft:textures/atlas/signs.png-atlas
[09:58:23] [Render thread/INFO] (Minecraft) Created: 512x512x0 minecraft:textures/atlas/shulker_boxes.png-atlas
[09:58:24] [IO-Worker-1/INFO] (Minecraft) Could not authorize you against Realms server: java.lang.RuntimeException: Failed to parse into SignedJWT: FabricMC
[09:58:24] [IO-Worker-1/ERROR] (Minecraft) Couldn't connect to realms
net.minecraft.client.realms.exception.RealmsServiceException: Realms authentication error with message 'java.lang.RuntimeException: Failed to parse into SignedJWT: FabricMC'
	at knot//net.minecraft.client.realms.RealmsClient.execute(RealmsClient.java:526)
	at knot//net.minecraft.client.realms.RealmsClient.clientCompatible(RealmsClient.java:307)
	at knot//net.minecraft.client.realms.RealmsAvailability.method_52627(RealmsAvailability.java:48)
	at java.base/java.util.concurrent.CompletableFuture$AsyncSupply.run(CompletableFuture.java:1768)
	at java.base/java.util.concurrent.ThreadPoolExecutor.runWorker(ThreadPoolExecutor.java:1144)
	at java.base/java.util.concurrent.ThreadPoolExecutor$Worker.run(ThreadPoolExecutor.java:642)
	at java.base/java.lang.Thread.run(Thread.java:1583)
[09:58:30] [Render thread/INFO] (Minecraft) Loaded 1471 recipes
[09:58:30] [Render thread/INFO] (Minecraft) Loaded 1584 advancements
[09:58:30] [Render thread/INFO] (AttributeDataLoader) Carregados 152 tiers de atributos
[09:58:30] [Render thread/INFO] (BiomeModificationImpl) Applied 0 biome modifications to 0 of 65 new biomes in 1.337 ms
[09:58:30] [Server thread/INFO] (WeaponRegistry) Encoded Weapon Attribute registry size (with package overhead): 2559 bytes (in 1 string chunks with the size of 10000)
[09:58:30] [Server thread/INFO] (Minecraft) Starting integrated minecraft server version 1.21.11
[09:58:30] [Server thread/INFO] (Minecraft) Generating keypair
[09:58:31] [Server thread/INFO] (Minecraft) Loading 0 persistent chunks...
[09:58:31] [Server thread/INFO] (Minecraft) Preparing spawn area: 16%
[09:58:31] [Server thread/WARN] (TranslationConventionLogWarnings) 
	Dev warning - Untranslated Item Tags detected. Please translate your item tags so other mods such as recipe viewers can properly display your tag's name.
	The format desired is tag.item.<namespace>.<path> for the translation key with slashes in path turned into periods.
	To disable this message, set this system property in your runs: `-Dfabric-tag-conventions-v2.missingTagTranslationWarning=SILENCED`.
	To see individual untranslated item tags found, set the system property to `-Dfabric-tag-conventions-v2.missingTagTranslationWarning=VERBOSE`.
	Default is `SHORT`.

[09:58:31] [Netty Local IO #1/INFO] (BetterCombatMod) Received config sync packet
[09:58:31] [Netty Local IO #1/INFO] (WeaponRegistry) Decoded Weapon Attribute registry in 1 string chunks
[09:58:31] [Server thread/INFO] (Minecraft) Loading 49 chunks for player spawn...
[09:58:31] [Server thread/INFO] (Minecraft) Preparing spawn area: 16%
[09:58:32] [Server thread/INFO] (Minecraft) Preparing spawn area: 16%
[09:58:32] [Server thread/INFO] (Minecraft) Time elapsed: 1076 ms
[09:58:32] [Server thread/INFO] (Minecraft) Player990[local:E:f2b909be] logged in with entity id 51 at (-2696.1314793260017, 60.0, 870.6357739748734)
[09:58:32] [Server thread/INFO] (Minecraft) Player990 joined the game
[09:58:32] [Server thread/INFO] (Minecraft) Player990 has completed the challenge [Cover Me in Debris]
[09:58:32] [Render thread/INFO] (Minecraft) [System] [CHAT] Player990 has completed the challenge [Cover Me in Debris]
[09:58:32] [Server thread/INFO] (Minecraft) Changing view distance to 24, from 10
[09:58:32] [Server thread/INFO] (Minecraft) Changing simulation distance to 24, from 0
[09:58:32] [Render thread/INFO] (Minecraft) Resizing Dynamic Transforms UBO, capacity limit of 2 reached during a single frame. New capacity will be 4.
[09:58:32] [Render thread/INFO] (Minecraft) Resizing Dynamic Transforms UBO, capacity limit of 4 reached during a single frame. New capacity will be 8.
[09:58:32] [Render thread/INFO] (Minecraft) Loaded 20 advancements
[09:58:32] [Render thread/INFO] (Minecraft) Resizing Dynamic Transforms UBO, capacity limit of 8 reached during a single frame. New capacity will be 16.
[09:58:32] [Render thread/INFO] (Minecraft) Resizing Chunk Sections UBO, capacity limit of 2 reached during a single frame. New capacity will be 8.
[09:58:33] [Render thread/INFO] (Minecraft) Resizing Chunk Sections UBO, capacity limit of 8 reached during a single frame. New capacity will be 16.
[09:58:33] [Render thread/INFO] (Minecraft) Resizing Chunk Sections UBO, capacity limit of 16 reached during a single frame. New capacity will be 32.
[09:58:33] [Render thread/INFO] (Minecraft) Resizing Chunk Sections UBO, capacity limit of 32 reached during a single frame. New capacity will be 64.
[09:58:33] [Render thread/INFO] (Minecraft) Resizing Chunk Sections UBO, capacity limit of 64 reached during a single frame. New capacity will be 128.
[09:58:34] [Render thread/WARN] (Minecraft) Received passengers for unknown entity
[09:58:34] [Render thread/INFO] (Minecraft) Resizing Chunk Sections UBO, capacity limit of 128 reached during a single frame. New capacity will be 256.
[09:58:35] [Render thread/INFO] (Minecraft) Resizing Chunk Sections UBO, capacity limit of 256 reached during a single frame. New capacity will be 512.
[09:58:37] [Render thread/INFO] (Minecraft) Resizing Chunk Sections UBO, capacity limit of 512 reached during a single frame. New capacity will be 1024.
[09:58:42] [Render thread/INFO] (Minecraft) Resizing Dynamic Transforms UBO, capacity limit of 16 reached during a single frame. New capacity will be 32.
[09:58:44] [Server thread/INFO] (Minecraft) Player990 has made the advancement [Suit Up]
[09:58:44] [Render thread/INFO] (Minecraft) [System] [CHAT] Player990 has made the advancement [Suit Up]
[09:58:44] [Render thread/INFO] (Minecraft) Loaded 28 advancements
[09:58:49] [Server thread/INFO] (Minecraft) Player990 has made the advancement [Acquire Hardware]
[09:58:49] [Render thread/INFO] (Minecraft) [System] [CHAT] Player990 has made the advancement [Acquire Hardware]
[09:58:49] [Render thread/INFO] (Minecraft) Loaded 57 advancements
[09:58:56] [Server thread/INFO] (Minecraft) [STDOUT]: === [DEBUG FORJA] RAIO-X DOS PESOS (INT) ===
[09:58:56] [Server thread/INFO] (Minecraft) [STDOUT]: Sorte do Jogador: 0.0
[09:58:56] [Server thread/INFO] (Minecraft) [STDOUT]: Reforge Modifier (Corte da Forja): 0.9
[09:58:56] [Server thread/INFO] (Minecraft) [STDOUT]: Luck Modifier (Bônus da Sorte): 0.02
[09:58:56] [Server thread/INFO] (Minecraft) [STDOUT]: --- CICLO DE VIDA DOS PESOS ---
[09:58:56] [Server thread/INFO] (Minecraft) [STDOUT]: all_armor/mythic_armor_randow_1 -> JSON: 0 | Forja(+1): 1 | FINAL: 1
[09:58:56] [Server thread/INFO] (Minecraft) [STDOUT]: all_armor/unique_armor_1 -> JSON: 1 | Forja(+1): 2 | FINAL: 2
[09:58:56] [Server thread/INFO] (Minecraft) [STDOUT]: all_armor/unique_armor_2 -> JSON: 1 | Forja(+1): 2 | FINAL: 2
[09:58:56] [Server thread/INFO] (Minecraft) [STDOUT]: all_armor/unique_armor_3 -> JSON: 1 | Forja(+1): 2 | FINAL: 2
[09:58:56] [Server thread/INFO] (Minecraft) [STDOUT]: all_armor/unique_armor_4 -> JSON: 1 | Forja(+1): 2 | FINAL: 2
[09:58:56] [Server thread/INFO] (Minecraft) [STDOUT]: all_armor/legendary_armor_2 -> JSON: 7 | Forja(+1): 8 | FINAL: 8
[09:58:56] [Server thread/INFO] (Minecraft) [STDOUT]: all_armor/legendary_armor_1 -> JSON: 7 | Forja(+1): 8 | FINAL: 8
[09:58:56] [Server thread/INFO] (Minecraft) [STDOUT]: all_armor/epic_armor_4 -> JSON: 15 | Forja(+1): 16 | FINAL: 16
[09:58:56] [Server thread/INFO] (Minecraft) [STDOUT]: all_armor/epic_armor_3 -> JSON: 15 | Forja(+1): 16 | FINAL: 16
[09:58:56] [Server thread/INFO] (Minecraft) [STDOUT]: all_armor/epic_armor_2 -> JSON: 15 | Forja(+1): 16 | FINAL: 16
[09:58:56] [Server thread/INFO] (Minecraft) [STDOUT]: all_armor/epic_armor_1 -> JSON: 15 | Forja(+1): 16 | FINAL: 16
[09:58:56] [Server thread/INFO] (Minecraft) [STDOUT]: all_armor/rare_armor_4 -> JSON: 30 | Forja(+1): 31 | FINAL: 27
[09:58:56] [Server thread/INFO] (Minecraft) [STDOUT]: all_armor/rare_armor_1 -> JSON: 30 | Forja(+1): 31 | FINAL: 27
[09:58:56] [Server thread/INFO] (Minecraft) [STDOUT]: all_armor/rare_armor_2 -> JSON: 30 | Forja(+1): 31 | FINAL: 27
[09:58:56] [Server thread/INFO] (Minecraft) [STDOUT]: all_armor/rare_armor_3 -> JSON: 30 | Forja(+1): 31 | FINAL: 27
[09:58:56] [Server thread/INFO] (Minecraft) [STDOUT]: all_armor/rare_armor_randow_1 -> JSON: 30 | Forja(+1): 31 | FINAL: 27
[09:58:56] [Server thread/INFO] (Minecraft) [STDOUT]: all_armor/uncommon_armor_2 -> JSON: 45 | Forja(+1): 46 | FINAL: 41
[09:58:56] [Server thread/INFO] (Minecraft) [STDOUT]: all_armor/uncommon_armor_3 -> JSON: 45 | Forja(+1): 46 | FINAL: 41
[09:58:56] [Server thread/INFO] (Minecraft) [STDOUT]: all_armor/uncommon_armor_4 -> JSON: 45 | Forja(+1): 46 | FINAL: 41
[09:58:56] [Server thread/INFO] (Minecraft) [STDOUT]: all_armor/common_armor_1 -> JSON: 60 | Forja(+1): 61 | FINAL: 54
[09:58:56] [Server thread/INFO] (Minecraft) [STDOUT]: all_armor/common_armor_2 -> JSON: 60 | Forja(+1): 61 | FINAL: 54
[09:58:56] [Server thread/INFO] (Minecraft) [STDOUT]: all_armor/common_armor_3 -> JSON: 60 | Forja(+1): 61 | FINAL: 54
[09:58:56] [Server thread/INFO] (Minecraft) [STDOUT]: all_armor/common_armor_4 -> JSON: 60 | Forja(+1): 61 | FINAL: 54
[09:58:56] [Server thread/INFO] (Minecraft) [STDOUT]: Peso Total da Roleta: 563
[09:58:56] [Server thread/INFO] (Minecraft) [STDOUT]: ====================================================
[09:59:08] [Render thread/INFO] (Minecraft) Loaded 59 advancements
[09:59:19] [Server thread/INFO] (Minecraft) Player990 has made the advancement [Crafting a New Look]
[09:59:19] [Render thread/INFO] (Minecraft) [System] [CHAT] Player990 has made the advancement [Crafting a New Look]
[09:59:19] [Render thread/INFO] (Minecraft) Loaded 62 advancements
[09:59:47] [Server thread/INFO] (Minecraft) [STDOUT]: === [DEBUG FORJA] RAIO-X DOS PESOS (INT) ===
[09:59:47] [Server thread/INFO] (Minecraft) [STDOUT]: Sorte do Jogador: 0.0
[09:59:47] [Server thread/INFO] (Minecraft) [STDOUT]: Reforge Modifier (Corte da Forja): 0.9
[09:59:47] [Server thread/INFO] (Minecraft) [STDOUT]: Luck Modifier (Bônus da Sorte): 0.02
[09:59:47] [Server thread/INFO] (Minecraft) [STDOUT]: --- CICLO DE VIDA DOS PESOS ---
[09:59:47] [Server thread/INFO] (Minecraft) [STDOUT]: all_armor/mythic_armor_randow_1 -> JSON: 0 | Forja(+1): 1 | FINAL: 1
[09:59:47] [Server thread/INFO] (Minecraft) [STDOUT]: all_armor/unique_armor_1 -> JSON: 1 | Forja(+1): 2 | FINAL: 2
[09:59:47] [Server thread/INFO] (Minecraft) [STDOUT]: all_armor/unique_armor_2 -> JSON: 1 | Forja(+1): 2 | FINAL: 2
[09:59:47] [Server thread/INFO] (Minecraft) [STDOUT]: all_armor/unique_armor_3 -> JSON: 1 | Forja(+1): 2 | FINAL: 2
[09:59:47] [Server thread/INFO] (Minecraft) [STDOUT]: all_armor/unique_armor_4 -> JSON: 1 | Forja(+1): 2 | FINAL: 2
[09:59:47] [Server thread/INFO] (Minecraft) [STDOUT]: all_armor/legendary_armor_2 -> JSON: 7 | Forja(+1): 8 | FINAL: 8
[09:59:47] [Server thread/INFO] (Minecraft) [STDOUT]: all_armor/legendary_armor_1 -> JSON: 7 | Forja(+1): 8 | FINAL: 8
[09:59:47] [Server thread/INFO] (Minecraft) [STDOUT]: all_armor/epic_armor_4 -> JSON: 15 | Forja(+1): 16 | FINAL: 16
[09:59:47] [Server thread/INFO] (Minecraft) [STDOUT]: all_armor/epic_armor_3 -> JSON: 15 | Forja(+1): 16 | FINAL: 16
[09:59:47] [Server thread/INFO] (Minecraft) [STDOUT]: all_armor/epic_armor_2 -> JSON: 15 | Forja(+1): 16 | FINAL: 16
[09:59:47] [Server thread/INFO] (Minecraft) [STDOUT]: all_armor/epic_armor_1 -> JSON: 15 | Forja(+1): 16 | FINAL: 16
[09:59:47] [Server thread/INFO] (Minecraft) [STDOUT]: all_armor/rare_armor_4 -> JSON: 30 | Forja(+1): 31 | FINAL: 27
[09:59:47] [Server thread/INFO] (Minecraft) [STDOUT]: all_armor/rare_armor_1 -> JSON: 30 | Forja(+1): 31 | FINAL: 27
[09:59:47] [Server thread/INFO] (Minecraft) [STDOUT]: all_armor/rare_armor_2 -> JSON: 30 | Forja(+1): 31 | FINAL: 27
[09:59:47] [Server thread/INFO] (Minecraft) [STDOUT]: all_armor/rare_armor_3 -> JSON: 30 | Forja(+1): 31 | FINAL: 27
[09:59:47] [Server thread/INFO] (Minecraft) [STDOUT]: all_armor/rare_armor_randow_1 -> JSON: 30 | Forja(+1): 31 | FINAL: 27
[09:59:47] [Server thread/INFO] (Minecraft) [STDOUT]: all_armor/uncommon_armor_2 -> JSON: 45 | Forja(+1): 46 | FINAL: 41
[09:59:47] [Server thread/INFO] (Minecraft) [STDOUT]: all_armor/uncommon_armor_3 -> JSON: 45 | Forja(+1): 46 | FINAL: 41
[09:59:47] [Server thread/INFO] (Minecraft) [STDOUT]: all_armor/uncommon_armor_4 -> JSON: 45 | Forja(+1): 46 | FINAL: 41
[09:59:47] [Server thread/INFO] (Minecraft) [STDOUT]: all_armor/common_armor_1 -> JSON: 60 | Forja(+1): 61 | FINAL: 54
[09:59:47] [Server thread/INFO] (Minecraft) [STDOUT]: all_armor/common_armor_2 -> JSON: 60 | Forja(+1): 61 | FINAL: 54
[09:59:47] [Server thread/INFO] (Minecraft) [STDOUT]: all_armor/common_armor_3 -> JSON: 60 | Forja(+1): 61 | FINAL: 54
[09:59:47] [Server thread/INFO] (Minecraft) [STDOUT]: all_armor/common_armor_4 -> JSON: 60 | Forja(+1): 61 | FINAL: 54
[09:59:47] [Server thread/INFO] (Minecraft) [STDOUT]: Peso Total da Roleta: 563
[09:59:47] [Server thread/INFO] (Minecraft) [STDOUT]: ====================================================
[09:59:48] [Server thread/INFO] (Minecraft) [STDOUT]: === [DEBUG FORJA] RAIO-X DOS PESOS (INT) ===
[09:59:48] [Server thread/INFO] (Minecraft) [STDOUT]: Sorte do Jogador: 0.0
[09:59:48] [Server thread/INFO] (Minecraft) [STDOUT]: Reforge Modifier (Corte da Forja): 0.9
[09:59:48] [Server thread/INFO] (Minecraft) [STDOUT]: Luck Modifier (Bônus da Sorte): 0.02
[09:59:48] [Server thread/INFO] (Minecraft) [STDOUT]: --- CICLO DE VIDA DOS PESOS ---
[09:59:48] [Server thread/INFO] (Minecraft) [STDOUT]: all_armor/mythic_armor_randow_1 -> JSON: 0 | Forja(+1): 1 | FINAL: 1
[09:59:48] [Server thread/INFO] (Minecraft) [STDOUT]: all_armor/unique_armor_1 -> JSON: 1 | Forja(+1): 2 | FINAL: 2
[09:59:48] [Server thread/INFO] (Minecraft) [STDOUT]: all_armor/unique_armor_2 -> JSON: 1 | Forja(+1): 2 | FINAL: 2
[09:59:48] [Server thread/INFO] (Minecraft) [STDOUT]: all_armor/unique_armor_3 -> JSON: 1 | Forja(+1): 2 | FINAL: 2
[09:59:48] [Server thread/INFO] (Minecraft) [STDOUT]: all_armor/unique_armor_4 -> JSON: 1 | Forja(+1): 2 | FINAL: 2
[09:59:48] [Server thread/INFO] (Minecraft) [STDOUT]: all_armor/legendary_armor_2 -> JSON: 7 | Forja(+1): 8 | FINAL: 8
[09:59:48] [Server thread/INFO] (Minecraft) [STDOUT]: all_armor/legendary_armor_1 -> JSON: 7 | Forja(+1): 8 | FINAL: 8
[09:59:48] [Server thread/INFO] (Minecraft) [STDOUT]: all_armor/epic_armor_4 -> JSON: 15 | Forja(+1): 16 | FINAL: 16
[09:59:48] [Server thread/INFO] (Minecraft) [STDOUT]: all_armor/epic_armor_3 -> JSON: 15 | Forja(+1): 16 | FINAL: 16
[09:59:48] [Server thread/INFO] (Minecraft) [STDOUT]: all_armor/epic_armor_2 -> JSON: 15 | Forja(+1): 16 | FINAL: 16
[09:59:48] [Server thread/INFO] (Minecraft) [STDOUT]: all_armor/epic_armor_1 -> JSON: 15 | Forja(+1): 16 | FINAL: 16
[09:59:48] [Server thread/INFO] (Minecraft) [STDOUT]: all_armor/rare_armor_4 -> JSON: 30 | Forja(+1): 31 | FINAL: 27
[09:59:48] [Server thread/INFO] (Minecraft) [STDOUT]: all_armor/rare_armor_1 -> JSON: 30 | Forja(+1): 31 | FINAL: 27
[09:59:48] [Server thread/INFO] (Minecraft) [STDOUT]: all_armor/rare_armor_2 -> JSON: 30 | Forja(+1): 31 | FINAL: 27
[09:59:48] [Server thread/INFO] (Minecraft) [STDOUT]: all_armor/rare_armor_3 -> JSON: 30 | Forja(+1): 31 | FINAL: 27
[09:59:48] [Server thread/INFO] (Minecraft) [STDOUT]: all_armor/rare_armor_randow_1 -> JSON: 30 | Forja(+1): 31 | FINAL: 27
[09:59:48] [Server thread/INFO] (Minecraft) [STDOUT]: all_armor/uncommon_armor_2 -> JSON: 45 | Forja(+1): 46 | FINAL: 41
[09:59:48] [Server thread/INFO] (Minecraft) [STDOUT]: all_armor/uncommon_armor_3 -> JSON: 45 | Forja(+1): 46 | FINAL: 41
[09:59:48] [Server thread/INFO] (Minecraft) [STDOUT]: all_armor/uncommon_armor_4 -> JSON: 45 | Forja(+1): 46 | FINAL: 41
[09:59:48] [Server thread/INFO] (Minecraft) [STDOUT]: all_armor/common_armor_1 -> JSON: 60 | Forja(+1): 61 | FINAL: 54
[09:59:48] [Server thread/INFO] (Minecraft) [STDOUT]: all_armor/common_armor_2 -> JSON: 60 | Forja(+1): 61 | FINAL: 54
[09:59:48] [Server thread/INFO] (Minecraft) [STDOUT]: all_armor/common_armor_3 -> JSON: 60 | Forja(+1): 61 | FINAL: 54
[09:59:48] [Server thread/INFO] (Minecraft) [STDOUT]: all_armor/common_armor_4 -> JSON: 60 | Forja(+1): 61 | FINAL: 54
[09:59:48] [Server thread/INFO] (Minecraft) [STDOUT]: Peso Total da Roleta: 563
[09:59:48] [Server thread/INFO] (Minecraft) [STDOUT]: ====================================================
[09:59:49] [Server thread/INFO] (Minecraft) [STDOUT]: === [DEBUG FORJA] RAIO-X DOS PESOS (INT) ===
[09:59:49] [Server thread/INFO] (Minecraft) [STDOUT]: Sorte do Jogador: 0.0
[09:59:49] [Server thread/INFO] (Minecraft) [STDOUT]: Reforge Modifier (Corte da Forja): 0.9
[09:59:49] [Server thread/INFO] (Minecraft) [STDOUT]: Luck Modifier (Bônus da Sorte): 0.02
[09:59:49] [Server thread/INFO] (Minecraft) [STDOUT]: --- CICLO DE VIDA DOS PESOS ---
[09:59:49] [Server thread/INFO] (Minecraft) [STDOUT]: all_armor/mythic_armor_randow_1 -> JSON: 0 | Forja(+1): 1 | FINAL: 1
[09:59:49] [Server thread/INFO] (Minecraft) [STDOUT]: all_armor/unique_armor_1 -> JSON: 1 | Forja(+1): 2 | FINAL: 2
[09:59:49] [Server thread/INFO] (Minecraft) [STDOUT]: all_armor/unique_armor_2 -> JSON: 1 | Forja(+1): 2 | FINAL: 2
[09:59:49] [Server thread/INFO] (Minecraft) [STDOUT]: all_armor/unique_armor_3 -> JSON: 1 | Forja(+1): 2 | FINAL: 2
[09:59:49] [Server thread/INFO] (Minecraft) [STDOUT]: all_armor/unique_armor_4 -> JSON: 1 | Forja(+1): 2 | FINAL: 2
[09:59:49] [Server thread/INFO] (Minecraft) [STDOUT]: all_armor/legendary_armor_2 -> JSON: 7 | Forja(+1): 8 | FINAL: 8
[09:59:49] [Server thread/INFO] (Minecraft) [STDOUT]: all_armor/legendary_armor_1 -> JSON: 7 | Forja(+1): 8 | FINAL: 8
[09:59:49] [Server thread/INFO] (Minecraft) [STDOUT]: all_armor/epic_armor_4 -> JSON: 15 | Forja(+1): 16 | FINAL: 16
[09:59:49] [Server thread/INFO] (Minecraft) [STDOUT]: all_armor/epic_armor_3 -> JSON: 15 | Forja(+1): 16 | FINAL: 16
[09:59:49] [Server thread/INFO] (Minecraft) [STDOUT]: all_armor/epic_armor_2 -> JSON: 15 | Forja(+1): 16 | FINAL: 16
[09:59:49] [Server thread/INFO] (Minecraft) [STDOUT]: all_armor/epic_armor_1 -> JSON: 15 | Forja(+1): 16 | FINAL: 16
[09:59:49] [Server thread/INFO] (Minecraft) [STDOUT]: all_armor/rare_armor_4 -> JSON: 30 | Forja(+1): 31 | FINAL: 27
[09:59:49] [Server thread/INFO] (Minecraft) [STDOUT]: all_armor/rare_armor_1 -> JSON: 30 | Forja(+1): 31 | FINAL: 27
[09:59:49] [Server thread/INFO] (Minecraft) [STDOUT]: all_armor/rare_armor_2 -> JSON: 30 | Forja(+1): 31 | FINAL: 27
[09:59:49] [Server thread/INFO] (Minecraft) [STDOUT]: all_armor/rare_armor_3 -> JSON: 30 | Forja(+1): 31 | FINAL: 27
[09:59:49] [Server thread/INFO] (Minecraft) [STDOUT]: all_armor/rare_armor_randow_1 -> JSON: 30 | Forja(+1): 31 | FINAL: 27
[09:59:49] [Server thread/INFO] (Minecraft) [STDOUT]: all_armor/uncommon_armor_2 -> JSON: 45 | Forja(+1): 46 | FINAL: 41
[09:59:49] [Server thread/INFO] (Minecraft) [STDOUT]: all_armor/uncommon_armor_3 -> JSON: 45 | Forja(+1): 46 | FINAL: 41
[09:59:49] [Server thread/INFO] (Minecraft) [STDOUT]: all_armor/uncommon_armor_4 -> JSON: 45 | Forja(+1): 46 | FINAL: 41
[09:59:49] [Server thread/INFO] (Minecraft) [STDOUT]: all_armor/common_armor_1 -> JSON: 60 | Forja(+1): 61 | FINAL: 54
[09:59:49] [Server thread/INFO] (Minecraft) [STDOUT]: all_armor/common_armor_2 -> JSON: 60 | Forja(+1): 61 | FINAL: 54
[09:59:49] [Server thread/INFO] (Minecraft) [STDOUT]: all_armor/common_armor_3 -> JSON: 60 | Forja(+1): 61 | FINAL: 54
[09:59:49] [Server thread/INFO] (Minecraft) [STDOUT]: all_armor/common_armor_4 -> JSON: 60 | Forja(+1): 61 | FINAL: 54
[09:59:49] [Server thread/INFO] (Minecraft) [STDOUT]: Peso Total da Roleta: 563
[09:59:49] [Server thread/INFO] (Minecraft) [STDOUT]: ====================================================
[09:59:53] [Server thread/INFO] (Minecraft) Saving and pausing game...
[09:59:53] [Server thread/INFO] (Minecraft) Saving chunks for level 'ServerLevel[New World]'/minecraft:overworld
[09:59:53] [Server thread/INFO] (Minecraft) Saving chunks for level 'ServerLevel[New World]'/minecraft:the_nether
[09:59:53] [Server thread/INFO] (Minecraft) Saving chunks for level 'ServerLevel[New World]'/minecraft:the_end
[09:59:53] [Server thread/INFO] (Minecraft) Player990 lost connection: Disconnected
[09:59:53] [Server thread/INFO] (Minecraft) Player990 left the game
[09:59:53] [Server thread/INFO] (Minecraft) Stopping singleplayer server as player logged out
[09:59:53] [Server thread/INFO] (Minecraft) Stopping server
[09:59:53] [Server thread/INFO] (Minecraft) Saving players
[09:59:53] [Server thread/INFO] (Minecraft) Saving worlds
[09:59:54] [Server thread/INFO] (Minecraft) Saving chunks for level 'ServerLevel[New World]'/minecraft:overworld
[09:59:54] [Server thread/INFO] (Minecraft) Saving chunks for level 'ServerLevel[New World]'/minecraft:the_nether
[09:59:54] [Server thread/INFO] (Minecraft) Saving chunks for level 'ServerLevel[New World]'/minecraft:the_end
[09:59:54] [Server thread/INFO] (Minecraft) ThreadedAnvilChunkStorage (New World (1)): All chunks are saved
[09:59:54] [Server thread/INFO] (Minecraft) ThreadedAnvilChunkStorage (DIM-1): All chunks are saved
[09:59:54] [Server thread/INFO] (Minecraft) ThreadedAnvilChunkStorage (DIM1): All chunks are saved
[09:59:54] [Server thread/INFO] (Minecraft) ThreadedAnvilChunkStorage: All dimensions are saved
[09:59:55] [Render thread/INFO] (Minecraft) Stopping!
